// Jest Snapshot v1, https://goo.gl/fbAQLP

exports[`<App /> renders correctly 1`] = `
<RCTSafeAreaView
  style={
    {
      "alignItems": "center",
      "backgroundColor": "#fff",
      "flex": 1,
      "gap": 10,
      "height": "100%",
      "justifyContent": "center",
      "width": "100%",
    }
  }
>
  <Text>
    Form Page
  </Text>
  <TextInput
    inputMode="text"
    onChangeText={[Function]}
    placeholder="Regular Text"
    returnKeyType="next"
    style={
      {
        "backgroundColor": "#e5e5e5",
        "borderColor": "grey",
        "borderRadius": 10,
        "borderWidth": 2,
        "padding": 7,
        "width": 200,
      }
    }
  />
  <TextInput
    inputMode="numeric"
    onChangeText={[Function]}
    placeholder="Numeric Input"
    returnKeyType="next"
    style={
      {
        "backgroundColor": "#e5e5e5",
        "borderColor": "grey",
        "borderRadius": 10,
        "borderWidth": 2,
        "padding": 7,
        "width": 200,
      }
    }
  />
  <TextInput
    inputMode="email"
    onChangeText={[Function]}
    placeholder="Email Input"
    returnKeyType="send"
    style={
      {
        "backgroundColor": "#e5e5e5",
        "borderColor": "grey",
        "borderRadius": 10,
        "borderWidth": 2,
        "padding": 7,
        "width": 200,
      }
    }
  />
  <View
    accessibilityState={
      {
        "disabled": false,
      }
    }
    accessibilityValue={
      {
        "max": undefined,
        "min": undefined,
        "now": undefined,
        "text": undefined,
      }
    }
    accessible={true}
    focusable={true}
    onClick={[Function]}
    onResponderGrant={[Function]}
    onResponderMove={[Function]}
    onResponderRelease={[Function]}
    onResponderTerminate={[Function]}
    onResponderTerminationRequest={[Function]}
    onStartShouldSetResponder={[Function]}
    style={
      {
        "backgroundColor": "#047a27",
        "borderRadius": 10,
        "padding": 10,
      }
    }
  >
    <Text
      style={
        {
          "color": "white",
          "fontWeight": "600",
        }
      }
    >
      Submit
    </Text>
  </View>
  <View
    style={
      {
        "alignItems": "center",
        "display": "flex",
        "gap": 15,
        "justifyContent": "center",
      }
    }
  >
    <View
      accessibilityValue={
        {
          "max": undefined,
          "min": undefined,
          "now": undefined,
          "text": undefined,
        }
      }
      accessible={true}
      focusable={true}
      onClick={[Function]}
      onResponderGrant={[Function]}
      onResponderMove={[Function]}
      onResponderRelease={[Function]}
      onResponderTerminate={[Function]}
      onResponderTerminationRequest={[Function]}
      onStartShouldSetResponder={[Function]}
      style={
        {
          "backgroundColor": "#047a27",
          "borderRadius": 10,
          "padding": 12,
          "width": 150,
        }
      }
    >
      <Text
        style={
          {
            "color": "white",
            "fontWeight": "600",
            "textAlign": "center",
          }
        }
      >
        Go to List
      </Text>
    </View>
    <View
      accessibilityValue={
        {
          "max": undefined,
          "min": undefined,
          "now": undefined,
          "text": undefined,
        }
      }
      accessible={true}
      focusable={true}
      onClick={[Function]}
      onResponderGrant={[Function]}
      onResponderMove={[Function]}
      onResponderRelease={[Function]}
      onResponderTerminate={[Function]}
      onResponderTerminationRequest={[Function]}
      onStartShouldSetResponder={[Function]}
      style={
        {
          "backgroundColor": "#047a27",
          "borderRadius": 10,
          "padding": 12,
          "width": 150,
        }
      }
    >
      <Text
        style={
          {
            "color": "white",
            "fontWeight": "600",
            "textAlign": "center",
          }
        }
      >
        Go to QRCamera
      </Text>
    </View>
  </View>
</RCTSafeAreaView>
`;
