// Jest Snapshot v1, https://goo.gl/fbAQLP

exports[`<App /> renders correctly 1`] = `
<View
  style={
    {
      "alignItems": "center",
      "display": "flex",
      "gap": 15,
      "justifyContent": "center",
    }
  }
>
  <View
    accessibilityValue={
      {
        "max": undefined,
        "min": undefined,
        "now": undefined,
        "text": undefined,
      }
    }
    accessible={true}
    focusable={true}
    onClick={[Function]}
    onResponderGrant={[Function]}
    onResponderMove={[Function]}
    onResponderRelease={[Function]}
    onResponderTerminate={[Function]}
    onResponderTerminationRequest={[Function]}
    onStartShouldSetResponder={[Function]}
    style={
      {
        "backgroundColor": "#047a27",
        "borderRadius": 10,
        "padding": 12,
        "width": 150,
      }
    }
  >
    <Text
      style={
        {
          "color": "white",
          "fontWeight": "600",
          "textAlign": "center",
        }
      }
    >
      Go to Form
    </Text>
  </View>
  <View
    accessibilityValue={
      {
        "max": undefined,
        "min": undefined,
        "now": undefined,
        "text": undefined,
      }
    }
    accessible={true}
    focusable={true}
    onClick={[Function]}
    onResponderGrant={[Function]}
    onResponderMove={[Function]}
    onResponderRelease={[Function]}
    onResponderTerminate={[Function]}
    onResponderTerminationRequest={[Function]}
    onStartShouldSetResponder={[Function]}
    style={
      {
        "backgroundColor": "#047a27",
        "borderRadius": 10,
        "padding": 12,
        "width": 150,
      }
    }
  >
    <Text
      style={
        {
          "color": "white",
          "fontWeight": "600",
          "textAlign": "center",
        }
      }
    >
      Go to QRCamera
    </Text>
  </View>
</View>
`;
